Program @ 1:1
  Declaration @ 1:1
    kind: calm
    type: ☁︎
    name: visible
    initializer:
      BooleanLiteral @ 1:18
        value: true
  If @ 2:1
    condition:
      Comparison @ 2:14
        operator: !=
        left:
          Identifier @ 2:6
            name: visible
        right:
          BooleanLiteral @ 2:17
            value: false
    then:
      Declaration @ 3:1
        kind: flow
        type: ☼
        name: count
        initializer:
          IntegerLiteral @ 3:16
            value: 1
    else: none
