Program @ 1:1
  Declaration @ 1:1
    kind: fixed
    type: ☼
    name: LIMIT
    initializer:
      IntegerLiteral @ 1:17
        value: 10
  Declaration @ 2:1
    kind: calm
    type: ☁︎
    name: active
    initializer:
      BooleanLiteral @ 2:17
        value: false
  Declaration @ 3:1
    kind: flow
    type: ☽
    name: total
    initializer:
      IntegerLiteral @ 3:16
        value: 1000
  Assignment @ 4:1
    name: total
    value:
      IntegerLiteral @ 4:9
        value: 2000
