Program @ 1:1
  Declaration @ 1:1
    kind: flow
    type: ☼
    name: score
    initializer:
      IntegerLiteral @ 1:16
        value: 1
  If @ 2:1
    condition:
      Comparison @ 2:12
        operator: ==
        left:
          Identifier @ 2:6
            name: score
        right:
          IntegerLiteral @ 2:15
            value: 0
    then:
      Assignment @ 3:1
        name: score
        value:
          IntegerLiteral @ 3:9
            value: 2
    else:
      If @ 5:1
        condition:
          Comparison @ 5:12
            operator: !=
            left:
              Identifier @ 5:6
                name: score
            right:
              IntegerLiteral @ 5:15
                value: 5
        then:
          Assignment @ 6:1
            name: score
            value:
              IntegerLiteral @ 6:9
                value: 3
        else:
          Assignment @ 8:1
            name: score
            value:
              IntegerLiteral @ 8:9
                value: 4
